../Core/Src/VL53L1X_api.c:208:15:VL53L1X_GetSWVersion	24	static
../Core/Src/VL53L1X_api.c:219:15:VL53L1X_SetI2CAddress	24	static
../Core/Src/VL53L1X_api.c:227:15:VL53L1X_SensorInit	24	static
../Core/Src/VL53L1X_api.c:247:15:VL53L1X_ClearInterrupt	24	static
../Core/Src/VL53L1X_api.c:255:15:VL53L1X_SetInterruptPolarity	24	static
../Core/Src/VL53L1X_api.c:266:15:VL53L1X_GetInterruptPolarity	24	static
../Core/Src/VL53L1X_api.c:277:15:VL53L1X_StartRanging	24	static
../Core/Src/VL53L1X_api.c:285:15:VL53L1X_StopRanging	24	static
../Core/Src/VL53L1X_api.c:293:15:VL53L1X_CheckForDataReady	24	static
../Core/Src/VL53L1X_api.c:311:15:VL53L1X_SetTimingBudgetInMs	24	static
../Core/Src/VL53L1X_api.c:413:15:VL53L1X_GetTimingBudgetInMs	24	static
../Core/Src/VL53L1X_api.c:454:15:VL53L1X_SetDistanceMode	24	static
../Core/Src/VL53L1X_api.c:489:15:VL53L1X_GetDistanceMode	24	static
../Core/Src/VL53L1X_api.c:501:15:VL53L1X_SetInterMeasurementInMs	24	static
../Core/Src/VL53L1X_api.c:514:15:VL53L1X_GetInterMeasurementInMs	32	static
../Core/Src/VL53L1X_api.c:528:15:VL53L1X_BootState	24	static
../Core/Src/VL53L1X_api.c:541:15:VL53L1X_GetSensorId	24	static
../Core/Src/VL53L1X_api.c:551:15:VL53L1X_GetDistance	24	static
../Core/Src/VL53L1X_api.c:562:15:VL53L1X_GetSignalPerSpad	32	static
../Core/Src/VL53L1X_api.c:575:15:VL53L1X_GetAmbientPerSpad	32	static
../Core/Src/VL53L1X_api.c:586:15:VL53L1X_GetSignalRate	24	static
../Core/Src/VL53L1X_api.c:597:15:VL53L1X_GetSpadNb	24	static
../Core/Src/VL53L1X_api.c:608:15:VL53L1X_GetAmbientRate	24	static
../Core/Src/VL53L1X_api.c:618:15:VL53L1X_GetRangeStatus	24	static
../Core/Src/VL53L1X_api.c:631:15:VL53L1X_GetResult	40	static
../Core/Src/VL53L1X_api.c:650:15:VL53L1X_SetOffset	24	static
../Core/Src/VL53L1X_api.c:663:16:VL53L1X_GetOffset	24	static
../Core/Src/VL53L1X_api.c:681:15:VL53L1X_SetXtalk	24	static
../Core/Src/VL53L1X_api.c:696:15:VL53L1X_GetXtalk	24	static
../Core/Src/VL53L1X_api.c:705:15:VL53L1X_SetDistanceThreshold	32	static
../Core/Src/VL53L1X_api.c:726:15:VL53L1X_GetDistanceThresholdWindow	24	static
../Core/Src/VL53L1X_api.c:735:15:VL53L1X_GetDistanceThresholdLow	24	static
../Core/Src/VL53L1X_api.c:745:15:VL53L1X_GetDistanceThresholdHigh	24	static
../Core/Src/VL53L1X_api.c:755:15:VL53L1X_SetROICenter	24	static
../Core/Src/VL53L1X_api.c:762:15:VL53L1X_GetROICenter	24	static
../Core/Src/VL53L1X_api.c:771:15:VL53L1X_SetROI	24	static
../Core/Src/VL53L1X_api.c:790:15:VL53L1X_GetROI_XY	32	static
../Core/Src/VL53L1X_api.c:801:15:VL53L1X_SetSignalThreshold	24	static
../Core/Src/VL53L1X_api.c:809:15:VL53L1X_GetSignalThreshold	24	static
../Core/Src/VL53L1X_api.c:820:15:VL53L1X_SetSigmaThreshold	24	static
../Core/Src/VL53L1X_api.c:832:15:VL53L1X_GetSigmaThreshold	24	static
../Core/Src/VL53L1X_api.c:843:15:VL53L1X_StartTemperatureUpdate	24	static
